[2026-08-18T21:48:57.181745+00:00] uid=0 action=trial_grant uid=8065173971 plan=pro hours=48 epoch=1
[2026-08-18T23:30:04.177920+00:00] uid=8065173971 action=webhook_toggle now=off
[2026-08-18T23:30:18.834704+00:00] uid=8065173971 action=webhook_toggle now=on
[2026-08-18T23:40:20.970079+00:00] uid=0 action=trial_grant uid=8065173971 plan=pro hours=48 epoch=1
[2026-08-19T07:52:40.991963+00:00] uid=8065173971 action=auto_pay_toggle now=False
[2026-08-19T07:52:45.684738+00:00] uid=8065173971 action=auto_pay_toggle now=True
[2026-08-19T07:57:51.962062+00:00] uid=8065173971 action=auto_approve_toggle now=True
[2026-08-19T07:57:59.833492+00:00] uid=8065173971 action=auto_approve_toggle now=False
[2026-08-19T08:15:36.993746+00:00] uid=8065173971 action=broadcast_sent sent=2 fail=0
[2026-08-19T11:09:00.737557+00:00] uid=8065173971 action=tg_backup_channel_set -1004399846215
[2026-08-19T11:13:28.416580+00:00] uid=0 action=tg_channel_backup channel=-1004399846215 size=2004
[2026-08-19T11:19:45.748532+00:00] uid=0 action=tg_channel_backup channel=-1004399846215 size=2006
[2026-08-19T11:28:53.360337+00:00] uid=0 action=tg_channel_backup channel=-1004399846215 size=2011
[2026-08-19T11:33:49.052818+00:00] uid=8065173971 action=bot_delall bot=fa0fce2ad6d75543
[2026-08-19T11:34:15.603150+00:00] uid=8065173971 action=bot_delall bot=5d4dd0be00ac4591
[2026-08-19T11:34:47.309884+00:00] uid=8065173971 action=pip_install bot=505dce044001aa0c ok=True
[2026-08-19T11:35:19.921168+00:00] uid=8065173971 action=pip_install bot=505dce044001aa0c ok=True
[2026-08-19T11:39:03.117962+00:00] uid=0 action=tg_channel_backup channel=-1004399846215 size=984
[2026-08-19T12:09:26.700344+00:00] uid=0 action=tg_channel_backup channel=-1004399846215 size=984
[2026-08-19T12:13:49.353189+00:00] uid=8065173971 action=pip_install bot=505dce044001aa0c ok=True
[2026-08-19T21:04:44.611452+00:00] uid=0 action=tg_channel_backup channel=-1004399846215 size=984
[2026-08-19T21:05:58.547835+00:00] uid=0 action=tg_channel_backup channel=-1004399846215 size=984
[2026-08-19T21:11:41.909058+00:00] uid=0 action=tg_channel_backup channel=-1004399846215 size=984
[2026-08-19T21:16:01.429873+00:00] uid=0 action=tg_channel_backup channel=-1004399846215 size=984
